// Jest Snapshot v1, https://goo.gl/fbAQLP

exports[`renders correctly 1`] = `
<View
  style={
    Object {
      "alignItems": "center",
      "backgroundColor": "transparent",
      "flex": 1,
      "justifyContent": "center",
    }
  }
>
  <View
    onMoveShouldSetResponder={[Function]}
    onMoveShouldSetResponderCapture={[Function]}
    onResponderEnd={[Function]}
    onResponderGrant={[Function]}
    onResponderMove={[Function]}
    onResponderReject={[Function]}
    onResponderRelease={[Function]}
    onResponderStart={[Function]}
    onResponderTerminate={[Function]}
    onResponderTerminationRequest={[Function]}
    onStartShouldSetResponder={[Function]}
    onStartShouldSetResponderCapture={[Function]}
    style={
      Object {
        "opacity": 1,
        "transform": Array [
          Object {
            "translateX": 0,
          },
          Object {
            "translateY": 0,
          },
          Object {
            "rotate": "0deg",
          },
          Object {
            "scale": 0.5,
          },
        ],
      }
    }
  >
    <View
      style={
        Object {
          "alignItems": "center",
          "backgroundColor": "#ecf0f1",
          "flex": 1,
          "justifyContent": "center",
          "paddingTop": 20,
        }
      }
    >
      <Image
        resizeMode="cover"
        source={
          Object {
            "uri": "https://www.fast-growing-trees.com/images/P/Live-Oak-Tree-450w.jpg",
          }
        }
        style={
          Object {
            "borderRadius": 150,
            "height": 150,
            "width": 150,
          }
        }
      />
      <Text
        style={
          Object {
            "color": "red",
          }
        }
      >
         
        Oak
         
      </Text>
      <Text
        style={Object {}}
      >
         
        I'm a big ol tree
         
      </Text>
      <Text
        style={Object {}}
      >
         
        123
         
      </Text>
    </View>
  </View>
  <View
    style={
      Object {
        "borderColor": "red",
        "borderRadius": 5,
        "borderWidth": 2,
        "bottom": 20,
        "left": 0,
        "opacity": 0,
        "padding": 20,
        "position": "absolute",
        "transform": Array [
          Object {
            "scale": 0,
          },
        ],
      }
    }
  >
    <Text
      style={
        Array [
          Object {
            "color": "red",
            "fontSize": 16,
          },
          undefined,
        ]
      }
    >
      Nope!
    </Text>
  </View>
  <View
    style={
      Object {
        "borderColor": "green",
        "borderRadius": 5,
        "borderWidth": 2,
        "bottom": 20,
        "opacity": 0,
        "padding": 20,
        "position": "absolute",
        "right": 0,
        "transform": Array [
          Object {
            "scale": 0.5,
          },
        ],
      }
    }
  >
    <Text
      style={
        Array [
          Object {
            "color": "green",
            "fontSize": 16,
          },
          undefined,
        ]
      }
    >
      Yup!
    </Text>
  </View>
</View>
`;
